// Vitest Snapshot v1

exports[`Header snapshot 1`] = `
<body>
  <div>
    <nav
      class="relative flex h-14 shrink-0 flex-wrap items-center justify-between bg-blue-500"
    >
      <a
        class="mr-6 ml-2 flex flex-shrink-0 items-center text-white"
        href="/users"
      >
        <img
          alt="Logo"
          class="mr-4 w-16 rounded"
          src="/images/logo.png"
        />
        <span
          class="text-xl font-semibold tracking-tight"
        >
          Achievers WA
        </span>
      </a>
      <div
        class="mr-2 block lg:hidden"
      >
        <button
          class="flex items-center rounded border border-white px-3 py-2 text-white"
        >
          <svg
            class="h-3 w-3 fill-current"
            viewBox="0 0 20 20"
            xmlns="http://www.w3.org/2000/svg"
          >
            <title>
              Menu
            </title>
            <path
              d="M0 3h20v2H0V3zm0 6h20v2H0V9zm0 6h20v2H0v-2z"
            />
          </svg>
        </button>
      </div>
      <div
        class="absolute top-14 z-10 w-full flex-grow bg-blue-500 p-2 lg:static lg:flex lg:w-auto lg:items-center hidden"
      >
        <div
          class="lg:flex-grow"
        >
          <a
            class="mt-4 mr-6 block text-white hover:text-white lg:mt-0 lg:inline-block"
            href="/users"
          >
            Users
          </a>
          <a
            class="mt-4 block text-white hover:text-white lg:mt-0 lg:inline-block"
            href="/chapters"
          >
            Chapters
          </a>
        </div>
        <div>
          <a
            class="mt-4 inline-block rounded border border-white px-4 py-2 text-sm leading-none text-white hover:border-transparent hover:bg-white hover:text-teal-500 lg:mt-0"
            href="/logout"
          >
            Logout
          </a>
        </div>
      </div>
    </nav>
  </div>
</body>
`;
