// Vitest Snapshot v1, https://vitest.dev/guide/snapshot.html

exports[`Navbar > Navbar snapshot 1`] = `
<body>
  <div>
    <nav
      class="navbar absolute left-0 top-0 z-10 h-16 bg-primary text-primary-content shadow-md"
    >
      <div
        class="flex-none lg:hidden"
      >
        <label
          class="btn btn-square btn-ghost"
          for="drawer"
        >
          <svg
            class="inline-block h-6 w-6 stroke-current"
            color="currentColor"
            fill="none"
            height="1.5em"
            stroke-width="1.5"
            viewBox="0 0 24 24"
            width="1.5em"
            xmlns="http://www.w3.org/2000/svg"
          >
            <path
              d="M3 5H21"
              stroke="currentColor"
              stroke-linecap="round"
              stroke-linejoin="round"
            />
            <path
              d="M3 12H21"
              stroke="currentColor"
              stroke-linecap="round"
              stroke-linejoin="round"
            />
            <path
              d="M3 19H21"
              stroke="currentColor"
              stroke-linecap="round"
              stroke-linejoin="round"
            />
          </svg>
        </label>
      </div>
      <div
        class="flex-1"
      >
        <a
          class="btn btn-ghost text-xl normal-case"
          href="/"
        >
          <img
            alt="Logo"
            class="mr-4 w-16 rounded"
            src="/images/logo.png"
          />
          <span
            class="text-xl font-semibold tracking-tight"
          >
            Achievers WA
          </span>
          <span
            class="badge badge-lg ml-2"
          >
            local
          </span>
        </a>
      </div>
      <div
        class="dropdown dropdown-end hidden lg:block"
      >
        <div
          class="flex cursor-pointer items-center gap-2"
          tabindex="0"
        >
          <div
            class="font-semibold"
          />
          <label
            class="btn btn-circle btn-ghost"
          >
            <div
              class="flex w-10 content-center justify-center rounded-full"
            >
              <svg
                color="currentColor"
                fill="none"
                height="1.5em"
                stroke-width="1.5"
                viewBox="0 0 24 24"
                width="1.5em"
                xmlns="http://www.w3.org/2000/svg"
              >
                <path
                  d="M12 2C6.47715 2 2 6.47715 2 12C2 17.5228 6.47715 22 12 22C17.5228 22 22 17.5228 22 12C22 6.47715 17.5228 2 12 2Z"
                  stroke="currentColor"
                  stroke-linecap="round"
                  stroke-linejoin="round"
                />
                <path
                  d="M4.271 18.3457C4.271 18.3457 6.50002 15.5 12 15.5C17.5 15.5 19.7291 18.3457 19.7291 18.3457"
                  stroke="currentColor"
                  stroke-linecap="round"
                  stroke-linejoin="round"
                />
                <path
                  d="M12 12C13.6569 12 15 10.6569 15 9C15 7.34315 13.6569 6 12 6C10.3431 6 9 7.34315 9 9C9 10.6569 10.3431 12 12 12Z"
                  stroke="currentColor"
                  stroke-linecap="round"
                  stroke-linejoin="round"
                />
              </svg>
            </div>
          </label>
        </div>
        <ul
          class="menu dropdown-content w-52 rounded-box bg-base-100 p-2 shadow"
          tabindex="0"
        >
          <li>
            <a
              class="font-semibold"
              href="/logout"
            >
              <svg
                class="mr-2 w-6"
                color="currentColor"
                fill="none"
                height="1.5em"
                stroke-width="1.5"
                viewBox="0 0 24 24"
                width="1.5em"
                xmlns="http://www.w3.org/2000/svg"
              >
                <path
                  d="M12 12H19M19 12L16 15M19 12L16 9"
                  stroke="currentColor"
                  stroke-linecap="round"
                  stroke-linejoin="round"
                />
                <path
                  d="M19 6V5C19 3.89543 18.1046 3 17 3H7C5.89543 3 5 3.89543 5 5V19C5 20.1046 5.89543 21 7 21H17C18.1046 21 19 20.1046 19 19V18"
                  stroke="currentColor"
                  stroke-linecap="round"
                  stroke-linejoin="round"
                />
              </svg>
              Logout
            </a>
          </li>
          <li
            class="menu-title"
          >
            <hr />
            <div
              class="mt-2 text-xs italic"
            >
              Version 
              1
            </div>
          </li>
        </ul>
      </div>
    </nav>
  </div>
</body>
`;
