// Vitest Snapshot v1, https://vitest.dev/guide/snapshot.html

exports[`Navbar > Navbar snapshot 1`] = `
<body>
  <div>
    <nav
      class="navbar absolute left-0 top-0 z-10 h-16 bg-primary text-primary-content shadow-md"
    >
      <div
        class="flex-none lg:hidden"
      >
        <label
          class="btn btn-square btn-ghost"
          for="drawer"
        >
          <svg
            class="inline-block h-6 w-6 stroke-current"
            color="currentColor"
            fill="none"
            height="1.5em"
            stroke-width="1.5"
            viewBox="0 0 24 24"
            width="1.5em"
            xmlns="http://www.w3.org/2000/svg"
          >
            <path
              d="M3 5h18M3 12h18M3 19h18"
              stroke="currentColor"
              stroke-linecap="round"
              stroke-linejoin="round"
            />
          </svg>
        </label>
      </div>
      <div
        class="flex-1"
      >
        <a
          class="btn btn-ghost text-xl normal-case"
          href="/"
        >
          <img
            alt="Logo"
            class="mr-4 w-16 rounded"
            src="/images/logo.png"
          />
          <span
            class="text-xl font-semibold tracking-tight"
          >
            Achievers WA
          </span>
          <span
            class="badge badge-lg ml-2"
          >
            local
          </span>
        </a>
      </div>
      <div
        class="dropdown dropdown-end hidden lg:block"
      >
        <div
          class="flex cursor-pointer items-center gap-2"
          tabindex="0"
        >
          <div
            class="font-semibold"
          />
          <label
            class="btn btn-circle btn-ghost"
          >
            <div
              class="flex w-10 content-center justify-center rounded-full"
            >
              <svg
                color="currentColor"
                fill="none"
                height="1.5em"
                stroke-width="1.5"
                viewBox="0 0 24 24"
                width="1.5em"
                xmlns="http://www.w3.org/2000/svg"
              >
                <path
                  d="M12 2C6.477 2 2 6.477 2 12s4.477 10 10 10 10-4.477 10-10S17.523 2 12 2z"
                  stroke="currentColor"
                  stroke-linecap="round"
                  stroke-linejoin="round"
                />
                <path
                  d="M4.271 18.346S6.5 15.5 12 15.5s7.73 2.846 7.73 2.846M12 12a3 3 0 100-6 3 3 0 000 6z"
                  stroke="currentColor"
                  stroke-linecap="round"
                  stroke-linejoin="round"
                />
              </svg>
            </div>
          </label>
        </div>
        <ul
          class="dropdown-content menu rounded-box w-52 bg-base-100 p-2 shadow"
          tabindex="0"
        >
          <li>
            <a
              class="font-semibold"
              href="/logout"
            >
              <svg
                class="mr-2 w-6"
                color="currentColor"
                fill="none"
                height="1.5em"
                stroke-width="1.5"
                viewBox="0 0 24 24"
                width="1.5em"
                xmlns="http://www.w3.org/2000/svg"
              >
                <path
                  d="M12 12h7m0 0l-3 3m3-3l-3-3M19 6V5a2 2 0 00-2-2H7a2 2 0 00-2 2v14a2 2 0 002 2h10a2 2 0 002-2v-1"
                  stroke="currentColor"
                  stroke-linecap="round"
                  stroke-linejoin="round"
                />
              </svg>
              Logout
            </a>
          </li>
        </ul>
      </div>
    </nav>
  </div>
</body>
`;
